2026-05-22 19:38:18,156 [INFO] anitorr: GET /
2026-05-22 19:38:18,459 [INFO] anitorr: GET /api/favorites
2026-05-22 19:38:18,461 [INFO] anitorr: GET /api/dashboard/widgets
2026-05-22 19:38:18,466 [INFO] anitorr: GET /api/stats
2026-05-22 19:38:18,506 [INFO] anitorr: GET /api/history
2026-05-22 19:43:50,161 [INFO] anitorr: GET /
2026-05-22 19:43:50,281 [INFO] anitorr: GET /api/dashboard/widgets
2026-05-22 19:43:50,281 [INFO] anitorr: GET /api/favorites
2026-05-22 19:43:50,282 [INFO] anitorr: GET /api/stats
2026-05-22 19:43:50,411 [INFO] anitorr: GET /api/history
2026-05-22 19:43:53,731 [INFO] anitorr: GET /api/search
2026-05-22 19:44:19,494 [INFO] anitorr: GET /
2026-05-22 19:44:19,603 [INFO] anitorr: GET /api/favorites
2026-05-22 19:44:19,604 [INFO] anitorr: GET /api/dashboard/widgets
2026-05-22 19:44:19,606 [INFO] anitorr: GET /api/stats
2026-05-22 19:44:19,726 [INFO] anitorr: GET /api/history
2026-05-22 19:44:23,021 [INFO] anitorr: GET /
2026-05-22 19:44:23,127 [INFO] anitorr: GET /api/favorites
2026-05-22 19:44:23,130 [INFO] anitorr: GET /api/dashboard/widgets
2026-05-22 19:44:23,131 [INFO] anitorr: GET /api/stats
2026-05-22 19:44:23,262 [INFO] anitorr: GET /api/history
2026-05-22 19:44:25,887 [INFO] anitorr: relevance filter: 266 -> 85 (q='One piece')
2026-05-22 19:44:25,921 [INFO] anitorr: GET /api/stats
2026-05-22 19:44:38,673 [INFO] anitorr: GET /api/autocomplete
2026-05-22 19:44:38,984 [INFO] anitorr: GET /api/autocomplete
2026-05-22 19:44:39,640 [INFO] anitorr: GET /api/autocomplete
2026-05-22 19:44:39,996 [INFO] anitorr: GET /api/autocomplete
2026-05-22 19:44:40,746 [INFO] anitorr: GET /api/search
2026-05-22 19:44:40,768 [INFO] anitorr: GET /api/stats
2026-05-22 19:44:40,855 [INFO] anitorr: GET /api/autocomplete
2026-05-22 19:45:14,150 [INFO] anitorr: GET /api/search
2026-05-22 19:45:24,119 [INFO] anitorr: GET /notifications
2026-05-22 19:45:24,198 [INFO] anitorr: GET /api/favorites
2026-05-22 19:45:24,227 [INFO] anitorr: GET /api/history
2026-05-22 19:45:24,762 [INFO] anitorr: GET /recent
2026-05-22 19:45:24,811 [INFO] anitorr: GET /api/favorites
2026-05-22 19:45:24,821 [INFO] anitorr: GET /api/history
2026-05-22 19:45:25,283 [INFO] anitorr: GET /favorites
2026-05-22 19:45:25,341 [INFO] anitorr: GET /api/favorites
2026-05-22 19:45:25,349 [INFO] anitorr: GET /api/history
2026-05-22 19:45:26,939 [INFO] anitorr: GET /
2026-05-22 19:45:26,989 [INFO] anitorr: GET /api/favorites
2026-05-22 19:45:26,990 [INFO] anitorr: GET /api/dashboard/widgets
2026-05-22 19:45:26,992 [INFO] anitorr: GET /api/stats
2026-05-22 19:45:27,005 [INFO] anitorr: GET /api/history
2026-05-22 19:45:45,464 [INFO] anitorr: relevance filter: 266 -> 85 (q='One piece')
